OWNER=0374303100
CLASS=0001
RRTTL=0000000A
RTYPE=0002
RDATA=00
------
OWNER=0374303100
CLASS=0001
RRTTL=0000000A
RTYPE=0002
RDATA=00
------
OWNER=0374303200
CLASS=0001
RRTTL=00000014
RTYPE=0002
RDATA=00
------
OWNER=0374303200
CLASS=0001
RRTTL=00000014
RTYPE=0002
RDATA=00
------
OWNER=0374303300
CLASS=0001
RRTTL=0000001E
RTYPE=0002
RDATA=00
------
OWNER=0374303300
CLASS=0001
RRTTL=0000001E
RTYPE=0002
RDATA=00
------
OWNER=0374303400
CLASS=0001
RRTTL=0000001E
RTYPE=0002
RDATA=00
------
OWNER=0374303400
CLASS=0001
RRTTL=0000001E
RTYPE=0002
RDATA=00
------
OWNER=0374303500
CLASS=0001
RRTTL=0000001E
RTYPE=0002
RDATA=00
------
OWNER=0374303500
CLASS=0001
RRTTL=0000001E
RTYPE=0002
RDATA=00
------
OWNER=00
CLASS=0001
RRTTL=0000001E
RTYPE=0002
RDATA=00
------
ERROR=ZS_LEFT_PARENTHESIS
------
