OWNER=047A6F6E6500
CLASS=0001
RRTTL=00000004
RTYPE=0002
RDATA=026E7300
------
OWNER=047A6F6E6500
CLASS=0001
RRTTL=00000001
RTYPE=0010
RDATA=0474657874
------
