OWNER=00
CLASS=0001
RRTTL=00000001
RTYPE=002E
RDATA=0000000000000000000000000000000000000000
------
OWNER=00
CLASS=0001
RRTTL=00000001
RTYPE=002E
RDATA=00010203000000040000000500000006000701080009
------
OWNER=00
CLASS=0001
RRTTL=00000001
RTYPE=002E
RDATA=FFFFFFFFFFFFFFFFFFFFFFFFFFFFFFFFFFFF0000
------
OWNER=00
CLASS=0001
RRTTL=00000001
RTYPE=002E
RDATA=0000010000000000000000000000000000000000
------
OWNER=00
CLASS=0001
RRTTL=00000001
RTYPE=002E
RDATA=0001000000000000000000000000000000000000
------
OWNER=00
CLASS=0001
RRTTL=00000001
RTYPE=002E
RDATA=000100000000000000000000FFCEDD7F00000000
------
OWNER=00
CLASS=0001
RRTTL=00000001
RTYPE=002E
RDATA=000000000000000000000000000000000000082030205C222E402A03746C640000
------
OWNER=00
CLASS=0001
RRTTL=00000001
RTYPE=002E
RDATA=00010000000000000000000000000000000000666F
------
OWNER=00
CLASS=0001
RRTTL=00000001
RTYPE=002E
RDATA=00010000000000000000000000000000000000666F6F
------
OWNER=00
CLASS=0001
RRTTL=00000001
RTYPE=002E
RDATA=00010000000000000000000000000000000000666F6F62
------
OWNER=00
CLASS=0001
RRTTL=00000001
RTYPE=002E
RDATA=00010000000000000000000000000000000000666F6F6261
------
OWNER=00
CLASS=0001
RRTTL=00000001
RTYPE=002E
RDATA=0001000000000000000000000000000000000000
------
OWNER=00
CLASS=0001
RRTTL=00000001
RTYPE=002E
RDATA=0001000000000000000000000000000000000000
------
OWNER=00
CLASS=0001
RRTTL=00000001
RTYPE=002E
RDATA=0001000000000000000000000000000000000000
------
OWNER=00
CLASS=0001
RRTTL=00000001
RTYPE=002E
RDATA=000100000000000000000000FFCEDD8000000000
------
WARNG=ZS_UNSUPPORTED_TYPE
------
WARNG=ZS_UNSUPPORTED_TYPE
------
WARNG=ZS_BAD_HEX_CHAR
------
WARNG=ZS_UNSUPPORTED_TYPE
------
WARNG=ZS_NUMBER16_OVERFLOW
------
WARNG=ZS_NUMBER8_OVERFLOW
------
WARNG=ZS_NUMBER8_OVERFLOW
------
WARNG=ZS_NUMBER32_OVERFLOW
------
WARNG=ZS_NUMBER32_OVERFLOW
------
WARNG=ZS_NUMBER32_OVERFLOW
------
WARNG=ZS_NUMBER16_OVERFLOW
------
WARNG=ZS_BAD_TIMESTAMP_CHAR
------
WARNG=ZS_BAD_TIMESTAMP_LENGTH
------
WARNG=ZS_BAD_DNAME_CHAR
------
WARNG=ZS_BAD_BASE64_CHAR
------
WARNG=ZS_BAD_BASE64_CHAR
------
WARNG=ZS_BAD_BASE64_CHAR
------
WARNG=ZS_BAD_BASE64_CHAR
------
WARNG=ZS_BAD_BASE64_CHAR
------
WARNG=ZS_BAD_RDATA
------
WARNG=ZS_BAD_RDATA
------
WARNG=ZS_BAD_RDATA
------
WARNG=ZS_BAD_RDATA
------
WARNG=ZS_BAD_RDATA
------
