OWNER=00
CLASS=0001
RRTTL=00000001
RTYPE=0035
RDATA=00000000
------
OWNER=00
CLASS=0001
RRTTL=00000001
RTYPE=0035
RDATA=00000000
------
OWNER=00
CLASS=0001
RRTTL=00000001
RTYPE=0035
RDATA=00000000
------
OWNER=00
CLASS=0001
RRTTL=00000001
RTYPE=0035
RDATA=00000000
------
WARNG=ZS_BAD_NUMBER
------
