OWNER=00
CLASS=0001
RRTTL=00000001
RTYPE=003D
RDATA=00
------
OWNER=00
CLASS=0001
RRTTL=00000001
RTYPE=003D
RDATA=00
------
OWNER=00
CLASS=0001
RRTTL=00000001
RTYPE=003D
RDATA=00
------
OWNER=00
CLASS=0001
RRTTL=00000001
RTYPE=003D
RDATA=00
------
WARNG=ZS_BAD_RDATA
------
