OWNER=00
CLASS=0001
RRTTL=00000001
RTYPE=003E
RDATA=000000000000
------
OWNER=00
CLASS=0001
RRTTL=00000001
RTYPE=003E
RDATA=FFFFFFFFFFFF
------
OWNER=00
CLASS=0001
RRTTL=00000001
RTYPE=003E
RDATA=000000000000000180
------
OWNER=00
CLASS=0001
RRTTL=00000001
RTYPE=003E
RDATA=000000000000FF200000000000000000000000000000000000000000000000000000000000000001
------
OWNER=00
CLASS=0001
RRTTL=00000001
RTYPE=003E
RDATA=0000000000000001E0
------
OWNER=00
CLASS=0001
RRTTL=00000001
RTYPE=003E
RDATA=000000000000000180010180020180800180
------
OWNER=00
CLASS=0001
RRTTL=00000001
RTYPE=003E
RDATA=000000000000
------
OWNER=00
CLASS=0001
RRTTL=00000001
RTYPE=003E
RDATA=000000000000
------
OWNER=00
CLASS=0001
RRTTL=00000001
RTYPE=003E
RDATA=000000000000
------
WARNG=ZS_BAD_NUMBER
------
WARNG=ZS_BAD_NUMBER
------
WARNG=ZS_BAD_HEX_CHAR
------
WARNG=ZS_NUMBER32_OVERFLOW
------
WARNG=ZS_NUMBER16_OVERFLOW
------
WARNG=ZS_NUMBER16_OVERFLOW
------
WARNG=ZS_BAD_BITMAP
------
