OWNER=00
CLASS=0001
RRTTL=00000001
RTYPE=003F
RDATA=00000000000000
------
OWNER=00
CLASS=0001
RRTTL=00000001
RTYPE=003F
RDATA=FFFFFFFFFFFF00
------
OWNER=00
CLASS=0001
RRTTL=00000001
RTYPE=003F
RDATA=000000000000010200FF
------
OWNER=00
CLASS=0001
RRTTL=00000001
RTYPE=0035
RDATA=00000000000000
------
OWNER=00
CLASS=0001
RRTTL=00000001
RTYPE=003F
RDATA=00000000000000
------
OWNER=00
CLASS=0001
RRTTL=00000001
RTYPE=003F
RDATA=00000000000000
------
WARNG=ZS_BAD_NUMBER
------
WARNG=ZS_BAD_NUMBER
------
WARNG=ZS_BAD_HEX_CHAR
------
WARNG=ZS_NUMBER32_OVERFLOW
------
WARNG=ZS_NUMBER8_OVERFLOW
------
WARNG=ZS_NUMBER8_OVERFLOW
------
WARNG=ZS_BAD_HEX_CHAR
------
WARNG=ZS_BAD_HEX_CHAR
------
WARNG=ZS_BAD_HEX_CHAR
------
