OWNER=00
CLASS=0001
RRTTL=00000001
RTYPE=0040
RDATA=000000
------
OWNER=00
CLASS=0001
RRTTL=00000001
RTYPE=0040
RDATA=000000
------
OWNER=00
CLASS=0001
RRTTL=00000001
RTYPE=0040
RDATA=FFFF0000000002000100010003026832
------
OWNER=00
CLASS=0001
RRTTL=00000001
RTYPE=0040
RDATA=00010000000002000100010003026832
------
OWNER=00
CLASS=0001
RRTTL=00000001
RTYPE=0040
RDATA=00010000010003026832
------
OWNER=00
CLASS=0001
RRTTL=00000001
RTYPE=0040
RDATA=00010000010100FF6162636465666768696A6B6C6D6E6F707172737475767778797A313233343536373839304142434445464748494A4B4C4D4E6162636465666768696A6B6C6D6E6F707172737475767778797A313233343536373839304142434445464748494A4B4C4D4E6162636465666768696A6B6C6D6E6F707172737475767778797A313233343536373839304142434445464748494A4B4C4D4E6162636465666768696A6B6C6D6E6F707172737475767778797A313233343536373839304142434445464748494A4B4C4D4E6162636465666768696A6B6C6D6E6F707172737475767778797A313233343536373839304142434445464748494A4B4C4D4E3132333435
------
OWNER=00
CLASS=0001
RRTTL=00000001
RTYPE=0040
RDATA=000100000100190570617274310570617274320C70617274332C70617274345C
------
OWNER=00
CLASS=0001
RRTTL=00000001
RTYPE=0040
RDATA=000100000100190570617274310570617274320C70617274332C70617274345C
------
OWNER=00
CLASS=0001
RRTTL=00000001
RTYPE=0040
RDATA=0001000001000904666F6F5C03626172
------
OWNER=00
CLASS=0001
RRTTL=00000001
RTYPE=0040
RDATA=00010000020000
------
OWNER=00
CLASS=0001
RRTTL=00000001
RTYPE=0040
RDATA=000100000300020000
------
OWNER=00
CLASS=0001
RRTTL=00000001
RTYPE=0040
RDATA=00010000030002FFFF
------
OWNER=00
CLASS=0001
RRTTL=00000001
RTYPE=0040
RDATA=0001000004000400000000
------
OWNER=00
CLASS=0001
RRTTL=00000001
RTYPE=0040
RDATA=00010000040004FFFFFFFF
------
OWNER=00
CLASS=0001
RRTTL=00000001
RTYPE=0040
RDATA=0001000005000100
------
OWNER=00
CLASS=0001
RRTTL=00000001
RTYPE=0040
RDATA=00010000050004666F6F62
------
OWNER=00
CLASS=0001
RRTTL=00000001
RTYPE=0040
RDATA=0001000006001000000000000000000000000000000001
------
OWNER=00
CLASS=0001
RRTTL=00000001
RTYPE=0040
RDATA=0001000006001000000000000000000000000000000001
------
OWNER=00
CLASS=0001
RRTTL=00000001
RTYPE=0040
RDATA=000100000700082F717B3F646E737D
------
OWNER=00
CLASS=0001
RRTTL=00000001
RTYPE=0040
RDATA=000100000700102F646E732D71756572797B3F646E737D
------
OWNER=00
CLASS=0001
RRTTL=00000001
RTYPE=0040
RDATA=00010000080000
------
OWNER=00
CLASS=0001
RRTTL=00000001
RTYPE=0040
RDATA=00010002C30000
------
OWNER=00
CLASS=0001
RRTTL=00000001
RTYPE=0040
RDATA=000100FFFF0000
------
OWNER=00
CLASS=0001
RRTTL=00000001
RTYPE=0040
RDATA=000100FFFF000161
------
OWNER=00
CLASS=0001
RRTTL=00000001
RTYPE=0040
RDATA=000100FFFF000161
------
OWNER=00
CLASS=0001
RRTTL=00000001
RTYPE=0040
RDATA=00010000000004000300070003000200040007000003E8000162FFFF000161
------
OWNER=00
CLASS=0001
RRTTL=00000001
RTYPE=0040
RDATA=000000
------
OWNER=00
CLASS=0001
RRTTL=00000001
RTYPE=0040
RDATA=000000
------
OWNER=00
CLASS=0001
RRTTL=00000001
RTYPE=0040
RDATA=000000
------
OWNER=076578616D706C6503636F6D00
CLASS=0001
RRTTL=00000001
RTYPE=0041
RDATA=000003666F6F076578616D706C6503636F6D00
------
OWNER=076578616D706C6503636F6D00
CLASS=0001
RRTTL=00000001
RTYPE=0040
RDATA=000100
------
OWNER=076578616D706C6503636F6D00
CLASS=0001
RRTTL=00000001
RTYPE=0040
RDATA=001003666F6F076578616D706C6503636F6D00000300020035
------
OWNER=076578616D706C6503636F6D00
CLASS=0001
RRTTL=00000001
RTYPE=0040
RDATA=000103666F6F076578616D706C6503636F6D00029B000568656C6C6F
------
OWNER=076578616D706C6503636F6D00
CLASS=0001
RRTTL=00000001
RTYPE=0040
RDATA=000103666F6F076578616D706C6503636F6D00029B000968656C6C6FD2716F6F
------
OWNER=076578616D706C6503636F6D00
CLASS=0001
RRTTL=00000001
RTYPE=0040
RDATA=000103666F6F076578616D706C6503636F6D000006002020010DB800000000000000000000000120010DB8000000000000000000530001
------
OWNER=076578616D706C6503636F6D00
CLASS=0001
RRTTL=00000001
RTYPE=0040
RDATA=0001076578616D706C6503636F6D000006001000000000000000000000FFFFC6336464
------
OWNER=076578616D706C6503636F6D00
CLASS=0001
RRTTL=00000001
RTYPE=0040
RDATA=001003666F6F076578616D706C65036F7267000000000400010004000100090268320568332D313900040004C0000201
------
OWNER=076578616D706C6503636F6D00
CLASS=0001
RRTTL=00000001
RTYPE=0040
RDATA=001003666F6F076578616D706C65036F7267000001000C08665C6F6F2C626172026832
------
OWNER=076578616D706C6503636F6D00
CLASS=0001
RRTTL=00000001
RTYPE=0040
RDATA=001003666F6F076578616D706C65036F7267000001000C08665C6F6F2C626172026832
------
WARNG=ZS_BAD_NUMBER
------
WARNG=ZS_BAD_NUMBER
------
WARNG=ZS_BAD_HEX_CHAR
------
WARNG=ZS_NUMBER16_OVERFLOW
------
WARNG=ZS_BAD_RDATA
------
WARNG=ZS_BAD_SVCB_PARAM
------
WARNG=ZS_BAD_SVCB_PARAM
------
WARNG=ZS_BAD_SVCB_PARAM
------
WARNG=ZS_BAD_SVCB_PARAM
------
WARNG=ZS_BAD_SVCB_MANDATORY
------
WARNG=ZS_BAD_SVCB_MANDATORY
------
WARNG=ZS_BAD_SVCB_MANDATORY
------
WARNG=ZS_BAD_SVCB_MANDATORY
------
WARNG=ZS_BAD_SVCB_PARAM
------
WARNG=ZS_BAD_SVCB_PARAM
------
WARNG=ZS_EMPTY_LIST_ITEM
------
WARNG=ZS_EMPTY_LIST_ITEM
------
WARNG=ZS_BAD_NUMBER
------
WARNG=ZS_BAD_ALPN_BACKSLASH
------
WARNG=ZS_BAD_ALPN_BACKSLASH
------
WARNG=ZS_BAD_ALPN_BACKSLASH
------
WARNG=ZS_BAD_ALPN_BACKSLASH
------
WARNG=ZS_ITEM_OVERFLOW
------
WARNG=ZS_BAD_SVCB_PARAM
------
WARNG=ZS_BAD_SVCB_PARAM
------
WARNG=ZS_BAD_SVCB_PARAM
------
WARNG=ZS_BAD_SVCB_PARAM
------
WARNG=ZS_BAD_NUMBER
------
WARNG=ZS_NUMBER16_OVERFLOW
------
WARNG=ZS_BAD_NUMBER
------
WARNG=ZS_BAD_SVCB_PARAM
------
WARNG=ZS_BAD_ADDRESS_CHAR
------
WARNG=ZS_BAD_IPV4
------
WARNG=ZS_BAD_ADDRESS_CHAR
------
WARNG=ZS_BAD_ADDRESS_CHAR
------
WARNG=ZS_BAD_SVCB_PARAM
------
WARNG=ZS_BAD_SVCB_PARAM
------
WARNG=ZS_BAD_SVCB_PARAM
------
WARNG=ZS_BAD_SVCB_PARAM
------
WARNG=ZS_BAD_SVCB_PARAM
------
WARNG=ZS_BAD_ADDRESS_CHAR
------
WARNG=ZS_BAD_ADDRESS_CHAR
------
WARNG=ZS_BAD_ADDRESS_CHAR
------
WARNG=ZS_BAD_SVCB_PARAM
------
WARNG=ZS_BAD_SVCB_PARAM
------
WARNG=ZS_BAD_SVCB_PARAM
------
WARNG=ZS_BAD_SVCB_PARAM
------
WARNG=ZS_DUPLICATE_SVCB_KEY
------
WARNG=ZS_BAD_SVCB_PARAM
------
WARNG=ZS_BAD_SVCB_PARAM
------
WARNG=ZS_BAD_SVCB_PARAM
------
WARNG=ZS_BAD_SVCB_PARAM
------
WARNG=ZS_BAD_SVCB_PARAM
------
WARNG=ZS_BAD_SVCB_PARAM
------
WARNG=ZS_MISSING_SVCB_MANDATORY
------
WARNG=ZS_BAD_SVCB_MANDATORY
------
WARNG=ZS_DUPLICATE_SVCB_MANDATORY
------
