OWNER=00
CLASS=0001
RRTTL=00000001
RTYPE=FF35
RDATA=0002435A00017F000001
------
OWNER=00
CLASS=0001
RRTTL=00000001
RTYPE=FF35
RDATA=0002435A001C00000000000000000000000000000001
------
OWNER=00
CLASS=0001
RRTTL=00000001
RTYPE=FF35
RDATA=0002435A0010047465737407737472696E6773
------
OWNER=00
CLASS=0001
RRTTL=00000001
RTYPE=FF35
RDATA=FF02435A00017F000001
------
OWNER=00
CLASS=0001
RRTTL=00000001
RTYPE=FF35
RDATA=010E3139322E3136382E302E302F32340005076578616D706C6503636F6D00
------
OWNER=00
CLASS=0001
RRTTL=00000001
RTYPE=FF35
RDATA=0102435A00017F000001
------
OWNER=00
CLASS=0001
RRTTL=00000001
RTYPE=FF35
RDATA=000000017F000001
------
OWNER=00
CLASS=0001
RRTTL=00000001
RTYPE=FF35
RDATA=000000017F000001
------
WARNG=ZS_BAD_NUMBER
------
WARNG=ZS_BAD_NUMBER
------
