OWNER=00
CLASS=0001
RRTTL=00000001
RTYPE=0106
RDATA=0005746573743101FF057465737432
------
OWNER=00
CLASS=0001
RRTTL=00000001
RTYPE=0106
RDATA=00
------
OWNER=00
CLASS=0001
RRTTL=00000001
RTYPE=0106
RDATA=00
------
OWNER=00
CLASS=0001
RRTTL=00000001
RTYPE=0106
RDATA=00
------
OWNER=00
CLASS=0001
RRTTL=00000001
RTYPE=0106
RDATA=00
------
WARNG=ZS_BAD_RDATA
------
