OWNER=00
CLASS=0001
RRTTL=00000001
RTYPE=0042
RDATA=003B010035012A065F6473796E63076578616D706C6500
------
OWNER=00
CLASS=0001
RRTTL=00000001
RTYPE=0042
RDATA=003E0114F000
------
OWNER=00
CLASS=0001
RRTTL=00000001
RTYPE=0042
RDATA=003B0000000A0001020304050607080900
------
WARNG=ZS_UNSUPPORTED_TYPE
------
WARNG=ZS_BAD_NUMBER
------
WARNG=ZS_UNSUPPORTED_TYPE
------
WARNG=ZS_UNSUPPORTED_TYPE
------
WARNG=ZS_BAD_DSYNC_SCHEME
------
WARNG=ZS_NUMBER16_OVERFLOW
------
WARNG=ZS_LABEL_OVERFLOW
------
