OWNER=00
CLASS=0001
RRTTL=00000001
RTYPE=0002
RDATA=00
------
OWNER=03746C6400
CLASS=0001
RRTTL=00000001
RTYPE=0002
RDATA=00
------
OWNER=03746C6400
CLASS=0001
RRTTL=00000001
RTYPE=0002
RDATA=00
------
OWNER=03746C6400
CLASS=0001
RRTTL=00000001
RTYPE=0002
RDATA=00
------
OWNER=012A00
CLASS=0001
RRTTL=00000001
RTYPE=0002
RDATA=00
------
OWNER=012A00
CLASS=0001
RRTTL=00000001
RTYPE=0002
RDATA=00
------
OWNER=012A012A00
CLASS=0001
RRTTL=00000001
RTYPE=0002
RDATA=00
------
OWNER=022A6103612A61022A2A00
CLASS=0001
RRTTL=00000001
RTYPE=0002
RDATA=00
------
OWNER=00
CLASS=0001
RRTTL=00000001
RTYPE=0002
RDATA=00
------
OWNER=0A3031323334353637383900
CLASS=0001
RRTTL=00000001
RTYPE=0002
RDATA=00
------
OWNER=04302F3235013201300331393207696E2D61646472046172706100
CLASS=0001
RRTTL=00000001
RTYPE=0002
RDATA=00
------
OWNER=035F615F052D622D632D032F642F00
CLASS=0001
RRTTL=00000001
RTYPE=0002
RDATA=00
------
OWNER=1A4142434445464748494A4B4C4D4E4F505152535455565758595A00
CLASS=0001
RRTTL=00000001
RTYPE=0002
RDATA=00
------
OWNER=1A6162636465666768696A6B6C6D6E6F707172737475767778797A00
CLASS=0001
RRTTL=00000001
RTYPE=0002
RDATA=00
------
OWNER=09002030205C222E402A03746C6400
CLASS=0001
RRTTL=00000001
RTYPE=0002
RDATA=00
------
OWNER=0162016101390138013701360135013001300130013001300130013001300130013001300130013001300130013001300138016201640130013101300130013203697036046172706100
CLASS=0001
RRTTL=00000001
RTYPE=0002
RDATA=00
------
OWNER=3F31323334353637383930313233343536373839303132333435363738393031323334353637383930313233343536373839303132333435363738393031323303746C6400
CLASS=0001
RRTTL=00000001
RTYPE=0002
RDATA=00
------
OWNER=3F3132333435363738393031323334353637383930313233343536373839303132333435363738393031323334353637383930313233343536373839303132333F3132333435363738393031323334353637383930313233343536373839303132333435363738393031323334353637383930313233343536373839303132333F3132333435363738393031323334353637383930313233343536373839303132333435363738393031323334353637383930313233343536373839303132333D3132333435363738393031323334353637383930313233343536373839303132333435363738393031323334353637383930313233343536373839303100
CLASS=0001
RRTTL=00000001
RTYPE=0002
RDATA=00
------
OWNER=3F3132333435363738393031323334353637383930313233343536373839303132333435363738393031323334353637383930313233343536373839303132333F3132333435363738393031323334353637383930313233343536373839303132333435363738393031323334353637383930313233343536373839303132333F3132333435363738393031323334353637383930313233343536373839303132333435363738393031323334353637383930313233343536373839303132333D3132333435363738393031323334353637383930313233343536373839303132333435363738393031323334353637383930313233343536373839303100
CLASS=0001
RRTTL=00000001
RTYPE=0002
RDATA=00
------
WARNG=ZS_BAD_OWNER
------
WARNG=ZS_BAD_PREVIOUS_OWNER
------
WARNG=ZS_BAD_DNAME_CHAR
------
WARNG=ZS_BAD_DNAME_CHAR
------
WARNG=ZS_BAD_DNAME_CHAR
------
WARNG=ZS_BAD_NUMBER
------
WARNG=ZS_BAD_NUMBER
------
WARNG=ZS_LABEL_OVERFLOW
------
WARNG=ZS_DNAME_OVERFLOW
------
WARNG=ZS_DNAME_OVERFLOW
------
WARNG=ZS_DNAME_OVERFLOW
------
WARNG=ZS_DNAME_OVERFLOW
------
