OWNER=00
CLASS=0001
RRTTL=00000001
RTYPE=0010
RDATA=00
------
OWNER=00
CLASS=0001
RRTTL=00000001
RTYPE=0010
RDATA=0161
------
OWNER=00
CLASS=0001
RRTTL=00000001
RTYPE=0010
RDATA=0120
------
OWNER=00
CLASS=0001
RRTTL=00000001
RTYPE=0010
RDATA=0120
------
OWNER=00
CLASS=0001
RRTTL=00000001
RTYPE=0010
RDATA=0115
------
OWNER=00
CLASS=0001
RRTTL=00000001
RTYPE=0010
RDATA=035C2022
------
OWNER=00
CLASS=0001
RRTTL=00000001
RTYPE=0010
RDATA=0005746573743101FF057465737432
------
OWNER=00
CLASS=0001
RRTTL=00000001
RTYPE=0010
RDATA=000000
------
OWNER=00
CLASS=0001
RRTTL=00000001
RTYPE=0010
RDATA=05666972737401230123
------
OWNER=00
CLASS=0001
RRTTL=00000001
RTYPE=0010
RDATA=0D2030205C222E402A2E746C642E
------
OWNER=00
CLASS=0001
RRTTL=00000001
RTYPE=0010
RDATA=21202122232425262728292A2B2C2D2E2F303132333435363738393A3B3C3D3E3F40
------
OWNER=00
CLASS=0001
RRTTL=00000001
RTYPE=0010
RDATA=204142434445464748494A4B4C4D4E4F505152535455565758595A5B5C5D5E5F60
------
OWNER=00
CLASS=0001
RRTTL=00000001
RTYPE=0010
RDATA=1E6162636465666768696A6B6C6D6E6F707172737475767778797A7B7C7D7E
------
OWNER=00
CLASS=0001
RRTTL=00000001
RTYPE=0010
RDATA=00
------
OWNER=00
CLASS=0001
RRTTL=00000001
RTYPE=0010
RDATA=00
------
OWNER=00
CLASS=0001
RRTTL=00000001
RTYPE=0010
RDATA=00
------
OWNER=00
CLASS=0001
RRTTL=00000001
RTYPE=0010
RDATA=0C66697273740A7365636F6E64057468697264
------
OWNER=00
CLASS=0001
RRTTL=00000001
RTYPE=0010
RDATA=FF6162636465666768696A6B6C6D6E6F707172737475767778797A313233343536373839304142434445464748494A4B4C4D4E6162636465666768696A6B6C6D6E6F707172737475767778797A313233343536373839304142434445464748494A4B4C4D4E6162636465666768696A6B6C6D6E6F707172737475767778797A313233343536373839304142434445464748494A4B4C4D4E6162636465666768696A6B6C6D6E6F707172737475767778797A313233343536373839304142434445464748494A4B4C4D4E6162636465666768696A6B6C6D6E6F707172737475767778797A313233343536373839304142434445464748494A4B4C4D4E3132333435
------
OWNER=00
CLASS=0001
RRTTL=00000001
RTYPE=0010
RDATA=FF6162636465666768696A6B6C6D6E6F707172737475767778797A313233343536373839304142434445464748494A4B4C4D4E6162636465666768696A6B6C6D6E6F707172737475767778797A313233343536373839304142434445464748494A4B4C4D4E6162636465666768696A6B6C6D6E6F707172737475767778797A313233343536373839304142434445464748494A4B4C4D4E6162636465666768696A6B6C6D6E6F707172737475767778797A313233343536373839304142434445464748494A4B4C4D4E6162636465666768696A6B6C6D6E6F707172737475767778797A313233343536373839304142434445464748494A4B4C4D4E31323334350136
------
OWNER=00
CLASS=0001
RRTTL=00000001
RTYPE=0010
RDATA=FF6162636465666768696A6B6C6D6E6F707172737475767778797A313233343536373839304142434445464748494A4B4C4D4E6162636465666768696A6B6C6D6E6F707172737475767778797A313233343536373839304142434445464748494A4B4C4D4E6162636465666768696A6B6C6D6E6F707172737475767778797A313233343536373839304142434445464748494A4B4C4D4E6162636465666768696A6B6C6D6E6F707172737475767778797A313233343536373839304142434445464748494A4B4C4D4E6162636465666768696A6B6C6D6E6F707172737475767778797A313233343536373839304142434445464748494A4B4C4D4E31323334350136
------
OWNER=00
CLASS=0001
RRTTL=00000001
RTYPE=0010
RDATA=00
------
WARNG=ZS_BAD_RDATA
------
WARNG=ZS_BAD_RDATA
------
WARNG=ZS_BAD_HEX_CHAR
------
WARNG=ZS_BAD_NUMBER
------
WARNG=ZS_NUMBER8_OVERFLOW
------
WARNG=ZS_BAD_TEXT
------
