OWNER=00
CLASS=0001
RRTTL=00000001
RTYPE=003B
RDATA=0000000000
------
OWNER=00
CLASS=0001
RRTTL=00000001
RTYPE=003B
RDATA=FFFFFFFF00
------
OWNER=00
CLASS=0001
RRTTL=00000001
RTYPE=003B
RDATA=0000010000
------
OWNER=00
CLASS=0001
RRTTL=00000001
RTYPE=003B
RDATA=0000000001020304
------
OWNER=00
CLASS=0001
RRTTL=00000001
RTYPE=003B
RDATA=0000000000
------
OWNER=00
CLASS=0001
RRTTL=00000001
RTYPE=003B
RDATA=0000000000
------
OWNER=00
CLASS=0001
RRTTL=00000001
RTYPE=003B
RDATA=0000000000
------
WARNG=ZS_BAD_NUMBER
------
WARNG=ZS_BAD_NUMBER
------
WARNG=ZS_BAD_HEX_CHAR
------
WARNG=ZS_NUMBER16_OVERFLOW
------
WARNG=ZS_NUMBER8_OVERFLOW
------
WARNG=ZS_NUMBER8_OVERFLOW
------
WARNG=ZS_BAD_HEX_CHAR
------
WARNG=ZS_BAD_HEX_CHAR
------
WARNG=ZS_BAD_HEX_CHAR
------
WARNG=ZS_BAD_HEX_CHAR
------
