OWNER=00
CLASS=0001
RRTTL=00000001
RTYPE=003C
RDATA=0000000000
------
OWNER=00
CLASS=0001
RRTTL=00000001
RTYPE=003C
RDATA=FFFFFFFF00
------
OWNER=00
CLASS=0001
RRTTL=00000001
RTYPE=003C
RDATA=0000000100
------
OWNER=00
CLASS=0001
RRTTL=00000001
RTYPE=003C
RDATA=00000000666F
------
OWNER=00
CLASS=0001
RRTTL=00000001
RTYPE=003C
RDATA=00000000666F6F
------
OWNER=00
CLASS=0001
RRTTL=00000001
RTYPE=003C
RDATA=00000000666F6F62
------
OWNER=00
CLASS=0001
RRTTL=00000001
RTYPE=003C
RDATA=00000000666F6F6261
------
OWNER=00
CLASS=0001
RRTTL=00000001
RTYPE=003C
RDATA=0000000000
------
OWNER=00
CLASS=0001
RRTTL=00000001
RTYPE=003C
RDATA=0000000000
------
OWNER=00
CLASS=0001
RRTTL=00000001
RTYPE=003C
RDATA=0000000000
------
WARNG=ZS_BAD_NUMBER
------
WARNG=ZS_BAD_NUMBER
------
WARNG=ZS_BAD_HEX_CHAR
------
WARNG=ZS_NUMBER16_OVERFLOW
------
WARNG=ZS_NUMBER8_OVERFLOW
------
WARNG=ZS_NUMBER8_OVERFLOW
------
WARNG=ZS_BAD_BASE64_CHAR
------
WARNG=ZS_BAD_BASE64_CHAR
------
WARNG=ZS_BAD_BASE64_CHAR
------
WARNG=ZS_BAD_BASE64_CHAR
------
WARNG=ZS_BAD_BASE64_CHAR
------
WARNG=ZS_BAD_RDATA
------
WARNG=ZS_BAD_RDATA
------
WARNG=ZS_BAD_RDATA
------
WARNG=ZS_BAD_RDATA
------
WARNG=ZS_BAD_RDATA
------
