OWNER=00
CLASS=0001
RRTTL=00000001
RTYPE=FF00
RDATA=FFFFFF06666F6F626172000180800180
------
OWNER=00
CLASS=0001
RRTTL=00000001
RTYPE=FF01
RDATA=FF666F6F62
------
OWNER=00
CLASS=0001
RRTTL=00000001
RTYPE=FF02
RDATA=FFFF666F6F62
------
